// Jest Snapshot v1, https://goo.gl/fbAQLP

exports[`<Header /> matches snapshot 1`] = `
<div>
  <div>
    <a
      href="/"
      style="margin-right: 15px;"
    >
      Home
    </a>
    <a
      href="/about"
      style="margin-right: 15px;"
    >
      About
    </a>
    <a
      href="/blog"
      style="margin-right: 15px;"
    >
      Blog
    </a>
    <a
      href="/shows"
      style="margin-right: 15px;"
    >
      Shows
    </a>
    <a
      href="/inspiration"
      style="margin-right: 15px;"
    >
      Inspiration
    </a>
  </div>
</div>
`;
